// Vitest Snapshot v1

exports[`ready 1`] = `
{
  "x": 3,
}
`;

exports[`two 1`] = `
{
  "x": 3,
}
`;
